// Vitest Snapshot v1, https://vitest.dev/guide/snapshot.html

exports[`listFunction > V2 API > listFunction includes metadata properties when parseISC true 1`] = `
{
  "displayName": undefined,
  "extension": ".ts",
  "generator": undefined,
  "inputModuleFormat": "esm",
  "mainFile": "v2-api-esm-ts-aliases/function.ts",
  "name": "function",
  "runtime": "js",
  "runtimeAPIVersion": 2,
  "schedule": undefined,
  "srcFile": undefined,
}
`;
