// Vitest Snapshot v1, https://vitest.dev/guide/snapshot.html

exports[`listFunctions > V2 API > listFunctions includes runtimeAPIVersion when parseISC is true 1`] = `
{
  "extension": ".ts",
  "inputModuleFormat": "esm",
  "mainFile": "<BASE DIRECTORY>/function.ts",
  "name": "function",
  "runtime": "js",
  "runtimeAPIVersion": 2,
  "tsConfig": {
    "config": {
      "compilerOptions": {
        "baseUrl": "./",
        "paths": {
          "@lib/*": [
            "super-long-and-awkward-name/*",
          ],
        },
      },
    },
    "path": "<BASE DIRECTORY>/tsconfig.json",
  },
}
`;

exports[`listFunctions > v1 > Can list function main files from multiple source directories with listFunctions() 1`] = `
[
  {
    "extension": ".js",
    "mainFile": "<BASE DIRECTORY>/.netlify/internal-functions/function.js",
    "name": "function",
    "runtime": "js",
  },
  {
    "extension": ".js",
    "mainFile": "<BASE DIRECTORY>/.netlify/internal-functions/function_internal.js",
    "name": "function_internal",
    "runtime": "js",
  },
  {
    "extension": ".js",
    "mainFile": "<BASE DIRECTORY>/netlify/functions/function.js",
    "name": "function",
    "runtime": "js",
  },
  {
    "extension": ".js",
    "mainFile": "<BASE DIRECTORY>/netlify/functions/function_user.js",
    "name": "function_user",
    "runtime": "js",
  },
]
`;

exports[`listFunctions > v1 > Can list function main files with listFunctions() 1`] = `
[
  {
    "extension": ".zip",
    "mainFile": "<BASE DIRECTORY>/test.zip",
    "name": "test",
    "runtime": "js",
  },
  {
    "extension": ".js",
    "mainFile": "<BASE DIRECTORY>/test.js",
    "name": "test",
    "runtime": "js",
  },
  {
    "extension": ".ts",
    "mainFile": "<BASE DIRECTORY>/five/index.ts",
    "name": "five",
    "runtime": "js",
  },
  {
    "extension": ".js",
    "mainFile": "<BASE DIRECTORY>/four.js/four.js.js",
    "name": "four",
    "runtime": "js",
  },
  {
    "extension": ".js",
    "mainFile": "<BASE DIRECTORY>/one/index.js",
    "name": "one",
    "runtime": "js",
  },
  {
    "extension": ".js",
    "mainFile": "<BASE DIRECTORY>/two/two.js",
    "name": "two",
    "runtime": "js",
  },
  {
    "extension": "",
    "mainFile": "<BASE DIRECTORY>/test",
    "name": "test",
    "runtime": "go",
  },
]
`;

exports[`listFunctions > v1 > listFunctions includes in-source config declarations 1`] = `
[
  {
    "extension": ".js",
    "inputModuleFormat": "cjs",
    "mainFile": "<BASE DIRECTORY>/cron_cjs.js",
    "name": "cron_cjs",
    "runtime": "js",
    "runtimeAPIVersion": 1,
    "schedule": "@daily",
  },
  {
    "extension": ".js",
    "inputModuleFormat": "cjs",
    "mainFile": "<BASE DIRECTORY>/cron_cjs_exports.js",
    "name": "cron_cjs_exports",
    "runtime": "js",
    "runtimeAPIVersion": 1,
    "schedule": "@daily",
  },
  {
    "extension": ".js",
    "inputModuleFormat": "cjs",
    "mainFile": "<BASE DIRECTORY>/cron_cjs_renamed.js",
    "name": "cron_cjs_renamed",
    "runtime": "js",
    "runtimeAPIVersion": 1,
    "schedule": "@daily",
  },
  {
    "extension": ".js",
    "inputModuleFormat": "esm",
    "mainFile": "<BASE DIRECTORY>/cron_esm.js",
    "name": "cron_esm",
    "runtime": "js",
    "runtimeAPIVersion": 1,
    "schedule": "@daily",
  },
  {
    "extension": ".js",
    "inputModuleFormat": "esm",
    "mainFile": "<BASE DIRECTORY>/cron_esm_additional_schedule_import.js",
    "name": "cron_esm_additional_schedule_import",
    "runtime": "js",
    "runtimeAPIVersion": 1,
    "schedule": "@daily",
  },
  {
    "extension": ".js",
    "inputModuleFormat": "esm",
    "mainFile": "<BASE DIRECTORY>/cron_esm_no_direct_export.js",
    "name": "cron_esm_no_direct_export",
    "runtime": "js",
    "runtimeAPIVersion": 1,
    "schedule": "@daily",
  },
  {
    "extension": ".js",
    "inputModuleFormat": "esm",
    "mainFile": "<BASE DIRECTORY>/cron_esm_no_direct_export_renamed.js",
    "name": "cron_esm_no_direct_export_renamed",
    "runtime": "js",
    "runtimeAPIVersion": 1,
    "schedule": "@daily",
  },
  {
    "extension": ".js",
    "inputModuleFormat": "esm",
    "mainFile": "<BASE DIRECTORY>/cron_esm_no_direct_export_renamed_reassigned.js",
    "name": "cron_esm_no_direct_export_renamed_reassigned",
    "runtime": "js",
    "runtimeAPIVersion": 1,
    "schedule": "@daily",
  },
  {
    "extension": ".js",
    "inputModuleFormat": "esm",
    "mainFile": "<BASE DIRECTORY>/cron_esm_renamed.js",
    "name": "cron_esm_renamed",
    "runtime": "js",
    "runtimeAPIVersion": 1,
    "schedule": "@daily",
  },
  {
    "extension": ".js",
    "inputModuleFormat": "esm",
    "mainFile": "<BASE DIRECTORY>/cron_esm_schedule_multi_import.js",
    "name": "cron_esm_schedule_multi_import",
    "runtime": "js",
    "runtimeAPIVersion": 1,
    "schedule": "@daily",
  },
  {
    "extension": ".js",
    "inputModuleFormat": "esm",
    "mainFile": "<BASE DIRECTORY>/cron_esm_schedule_reassigned.js",
    "name": "cron_esm_schedule_reassigned",
    "runtime": "js",
    "runtimeAPIVersion": 1,
    "schedule": "@daily",
  },
  {
    "extension": ".ts",
    "inputModuleFormat": "esm",
    "mainFile": "<BASE DIRECTORY>/cron_ts.ts",
    "name": "cron_ts",
    "runtime": "js",
    "runtimeAPIVersion": 1,
    "schedule": "@daily",
  },
  {
    "extension": ".ts",
    "inputModuleFormat": "esm",
    "mainFile": "<BASE DIRECTORY>/cron_ts_renamed.ts",
    "name": "cron_ts_renamed",
    "runtime": "js",
    "runtimeAPIVersion": 1,
    "schedule": "@daily",
  },
]
`;
