// Vitest Snapshot v1, https://vitest.dev/guide/snapshot.html

exports[`listFunctions > Can list function main files from multiple source directories with listFunctions() 1`] = `
[
  {
    "displayName": undefined,
    "extension": ".js",
    "generator": undefined,
    "mainFile": ".netlify/internal-functions/function.js",
    "name": "function",
    "runtime": "js",
    "schedule": undefined,
    "srcFile": undefined,
  },
  {
    "displayName": undefined,
    "extension": ".js",
    "generator": undefined,
    "mainFile": ".netlify/internal-functions/function_internal.js",
    "name": "function_internal",
    "runtime": "js",
    "schedule": undefined,
    "srcFile": undefined,
  },
  {
    "displayName": undefined,
    "extension": ".js",
    "generator": undefined,
    "mainFile": "netlify/functions/function.js",
    "name": "function",
    "runtime": "js",
    "schedule": undefined,
    "srcFile": undefined,
  },
  {
    "displayName": undefined,
    "extension": ".js",
    "generator": undefined,
    "mainFile": "netlify/functions/function_user.js",
    "name": "function_user",
    "runtime": "js",
    "schedule": undefined,
    "srcFile": undefined,
  },
]
`;

exports[`listFunctions > Can list function main files with listFunctions() 1`] = `
[
  {
    "displayName": undefined,
    "extension": ".zip",
    "generator": undefined,
    "mainFile": "test.zip",
    "name": "test",
    "runtime": "js",
    "schedule": undefined,
    "srcFile": undefined,
  },
  {
    "displayName": undefined,
    "extension": ".js",
    "generator": undefined,
    "mainFile": "test.js",
    "name": "test",
    "runtime": "js",
    "schedule": undefined,
    "srcFile": undefined,
  },
  {
    "displayName": undefined,
    "extension": ".ts",
    "generator": undefined,
    "mainFile": "five/index.ts",
    "name": "five",
    "runtime": "js",
    "schedule": undefined,
    "srcFile": undefined,
  },
  {
    "displayName": undefined,
    "extension": ".js",
    "generator": undefined,
    "mainFile": "four.js/four.js.js",
    "name": "four",
    "runtime": "js",
    "schedule": undefined,
    "srcFile": undefined,
  },
  {
    "displayName": undefined,
    "extension": ".js",
    "generator": undefined,
    "mainFile": "one/index.js",
    "name": "one",
    "runtime": "js",
    "schedule": undefined,
    "srcFile": undefined,
  },
  {
    "displayName": undefined,
    "extension": ".js",
    "generator": undefined,
    "mainFile": "two/two.js",
    "name": "two",
    "runtime": "js",
    "schedule": undefined,
    "srcFile": undefined,
  },
  {
    "displayName": undefined,
    "extension": "",
    "generator": undefined,
    "mainFile": "test",
    "name": "test",
    "runtime": "go",
    "schedule": undefined,
    "srcFile": undefined,
  },
]
`;
