// Vitest Snapshot v1, https://vitest.dev/guide/snapshot.html

exports[`listFunctionsFiles > Can list all function files from multiple source directories with listFunctionsFiles() > bundler_default 1`] = `
[
  {
    "displayName": undefined,
    "extension": ".js",
    "generator": undefined,
    "inputModuleFormat": undefined,
    "mainFile": ".netlify/internal-functions/function.js",
    "name": "function",
    "runtime": "js",
    "runtimeAPIVersion": undefined,
    "schedule": undefined,
    "srcFile": ".netlify/internal-functions/function.js",
  },
  {
    "displayName": undefined,
    "extension": ".js",
    "generator": undefined,
    "inputModuleFormat": undefined,
    "mainFile": ".netlify/internal-functions/function.js",
    "name": "function",
    "runtime": "js",
    "runtimeAPIVersion": undefined,
    "schedule": undefined,
    "srcFile": "node_modules/test/index.js",
  },
  {
    "displayName": undefined,
    "extension": ".json",
    "generator": undefined,
    "inputModuleFormat": undefined,
    "mainFile": ".netlify/internal-functions/function.js",
    "name": "function",
    "runtime": "js",
    "runtimeAPIVersion": undefined,
    "schedule": undefined,
    "srcFile": "node_modules/test/package.json",
  },
  {
    "displayName": undefined,
    "extension": ".js",
    "generator": undefined,
    "inputModuleFormat": undefined,
    "mainFile": ".netlify/internal-functions/function_internal.js",
    "name": "function_internal",
    "runtime": "js",
    "runtimeAPIVersion": undefined,
    "schedule": undefined,
    "srcFile": ".netlify/internal-functions/function_internal.js",
  },
  {
    "displayName": undefined,
    "extension": ".js",
    "generator": undefined,
    "inputModuleFormat": undefined,
    "mainFile": ".netlify/internal-functions/function_internal.js",
    "name": "function_internal",
    "runtime": "js",
    "runtimeAPIVersion": undefined,
    "schedule": undefined,
    "srcFile": "node_modules/test/index.js",
  },
  {
    "displayName": undefined,
    "extension": ".json",
    "generator": undefined,
    "inputModuleFormat": undefined,
    "mainFile": ".netlify/internal-functions/function_internal.js",
    "name": "function_internal",
    "runtime": "js",
    "runtimeAPIVersion": undefined,
    "schedule": undefined,
    "srcFile": "node_modules/test/package.json",
  },
  {
    "displayName": undefined,
    "extension": ".js",
    "generator": undefined,
    "inputModuleFormat": undefined,
    "mainFile": "netlify/functions/function.js",
    "name": "function",
    "runtime": "js",
    "runtimeAPIVersion": undefined,
    "schedule": undefined,
    "srcFile": "netlify/functions/function.js",
  },
  {
    "displayName": undefined,
    "extension": ".js",
    "generator": undefined,
    "inputModuleFormat": undefined,
    "mainFile": "netlify/functions/function.js",
    "name": "function",
    "runtime": "js",
    "runtimeAPIVersion": undefined,
    "schedule": undefined,
    "srcFile": "node_modules/test/index.js",
  },
  {
    "displayName": undefined,
    "extension": ".json",
    "generator": undefined,
    "inputModuleFormat": undefined,
    "mainFile": "netlify/functions/function.js",
    "name": "function",
    "runtime": "js",
    "runtimeAPIVersion": undefined,
    "schedule": undefined,
    "srcFile": "node_modules/test/package.json",
  },
  {
    "displayName": undefined,
    "extension": ".js",
    "generator": undefined,
    "inputModuleFormat": undefined,
    "mainFile": "netlify/functions/function_user.js",
    "name": "function_user",
    "runtime": "js",
    "runtimeAPIVersion": undefined,
    "schedule": undefined,
    "srcFile": "netlify/functions/function_user.js",
  },
  {
    "displayName": undefined,
    "extension": ".js",
    "generator": undefined,
    "inputModuleFormat": undefined,
    "mainFile": "netlify/functions/function_user.js",
    "name": "function_user",
    "runtime": "js",
    "runtimeAPIVersion": undefined,
    "schedule": undefined,
    "srcFile": "node_modules/test/index.js",
  },
  {
    "displayName": undefined,
    "extension": ".json",
    "generator": undefined,
    "inputModuleFormat": undefined,
    "mainFile": "netlify/functions/function_user.js",
    "name": "function_user",
    "runtime": "js",
    "runtimeAPIVersion": undefined,
    "schedule": undefined,
    "srcFile": "node_modules/test/package.json",
  },
]
`;

exports[`listFunctionsFiles > Can list all function files from multiple source directories with listFunctionsFiles() > bundler_default_nft 1`] = `
[
  {
    "displayName": undefined,
    "extension": ".js",
    "generator": undefined,
    "inputModuleFormat": undefined,
    "mainFile": ".netlify/internal-functions/function.js",
    "name": "function",
    "runtime": "js",
    "runtimeAPIVersion": undefined,
    "schedule": undefined,
    "srcFile": ".netlify/internal-functions/function.js",
  },
  {
    "displayName": undefined,
    "extension": ".js",
    "generator": undefined,
    "inputModuleFormat": undefined,
    "mainFile": ".netlify/internal-functions/function.js",
    "name": "function",
    "runtime": "js",
    "runtimeAPIVersion": undefined,
    "schedule": undefined,
    "srcFile": "node_modules/test/index.js",
  },
  {
    "displayName": undefined,
    "extension": ".json",
    "generator": undefined,
    "inputModuleFormat": undefined,
    "mainFile": ".netlify/internal-functions/function.js",
    "name": "function",
    "runtime": "js",
    "runtimeAPIVersion": undefined,
    "schedule": undefined,
    "srcFile": "node_modules/test/package.json",
  },
  {
    "displayName": undefined,
    "extension": ".js",
    "generator": undefined,
    "inputModuleFormat": undefined,
    "mainFile": ".netlify/internal-functions/function_internal.js",
    "name": "function_internal",
    "runtime": "js",
    "runtimeAPIVersion": undefined,
    "schedule": undefined,
    "srcFile": ".netlify/internal-functions/function_internal.js",
  },
  {
    "displayName": undefined,
    "extension": ".js",
    "generator": undefined,
    "inputModuleFormat": undefined,
    "mainFile": ".netlify/internal-functions/function_internal.js",
    "name": "function_internal",
    "runtime": "js",
    "runtimeAPIVersion": undefined,
    "schedule": undefined,
    "srcFile": "node_modules/test/index.js",
  },
  {
    "displayName": undefined,
    "extension": ".json",
    "generator": undefined,
    "inputModuleFormat": undefined,
    "mainFile": ".netlify/internal-functions/function_internal.js",
    "name": "function_internal",
    "runtime": "js",
    "runtimeAPIVersion": undefined,
    "schedule": undefined,
    "srcFile": "node_modules/test/package.json",
  },
  {
    "displayName": undefined,
    "extension": ".js",
    "generator": undefined,
    "inputModuleFormat": undefined,
    "mainFile": "netlify/functions/function.js",
    "name": "function",
    "runtime": "js",
    "runtimeAPIVersion": undefined,
    "schedule": undefined,
    "srcFile": "netlify/functions/function.js",
  },
  {
    "displayName": undefined,
    "extension": ".js",
    "generator": undefined,
    "inputModuleFormat": undefined,
    "mainFile": "netlify/functions/function.js",
    "name": "function",
    "runtime": "js",
    "runtimeAPIVersion": undefined,
    "schedule": undefined,
    "srcFile": "node_modules/test/index.js",
  },
  {
    "displayName": undefined,
    "extension": ".json",
    "generator": undefined,
    "inputModuleFormat": undefined,
    "mainFile": "netlify/functions/function.js",
    "name": "function",
    "runtime": "js",
    "runtimeAPIVersion": undefined,
    "schedule": undefined,
    "srcFile": "node_modules/test/package.json",
  },
  {
    "displayName": undefined,
    "extension": ".js",
    "generator": undefined,
    "inputModuleFormat": undefined,
    "mainFile": "netlify/functions/function_user.js",
    "name": "function_user",
    "runtime": "js",
    "runtimeAPIVersion": undefined,
    "schedule": undefined,
    "srcFile": "netlify/functions/function_user.js",
  },
  {
    "displayName": undefined,
    "extension": ".js",
    "generator": undefined,
    "inputModuleFormat": undefined,
    "mainFile": "netlify/functions/function_user.js",
    "name": "function_user",
    "runtime": "js",
    "runtimeAPIVersion": undefined,
    "schedule": undefined,
    "srcFile": "node_modules/test/index.js",
  },
  {
    "displayName": undefined,
    "extension": ".json",
    "generator": undefined,
    "inputModuleFormat": undefined,
    "mainFile": "netlify/functions/function_user.js",
    "name": "function_user",
    "runtime": "js",
    "runtimeAPIVersion": undefined,
    "schedule": undefined,
    "srcFile": "node_modules/test/package.json",
  },
]
`;

exports[`listFunctionsFiles > Can list all function files from multiple source directories with listFunctionsFiles() > bundler_esbuild 1`] = `
[
  {
    "displayName": undefined,
    "extension": ".js",
    "generator": undefined,
    "inputModuleFormat": undefined,
    "mainFile": ".netlify/internal-functions/function.js",
    "name": "function",
    "runtime": "js",
    "runtimeAPIVersion": undefined,
    "schedule": undefined,
    "srcFile": ".netlify/internal-functions/function.js",
  },
  {
    "displayName": undefined,
    "extension": ".js",
    "generator": undefined,
    "inputModuleFormat": undefined,
    "mainFile": ".netlify/internal-functions/function_internal.js",
    "name": "function_internal",
    "runtime": "js",
    "runtimeAPIVersion": undefined,
    "schedule": undefined,
    "srcFile": ".netlify/internal-functions/function_internal.js",
  },
  {
    "displayName": undefined,
    "extension": ".js",
    "generator": undefined,
    "inputModuleFormat": undefined,
    "mainFile": "netlify/functions/function.js",
    "name": "function",
    "runtime": "js",
    "runtimeAPIVersion": undefined,
    "schedule": undefined,
    "srcFile": "netlify/functions/function.js",
  },
  {
    "displayName": undefined,
    "extension": ".js",
    "generator": undefined,
    "inputModuleFormat": undefined,
    "mainFile": "netlify/functions/function_user.js",
    "name": "function_user",
    "runtime": "js",
    "runtimeAPIVersion": undefined,
    "schedule": undefined,
    "srcFile": "netlify/functions/function_user.js",
  },
]
`;

exports[`listFunctionsFiles > Can list all function files from multiple source directories with listFunctionsFiles() > bundler_esbuild_zisi 1`] = `
[
  {
    "displayName": undefined,
    "extension": ".js",
    "generator": undefined,
    "inputModuleFormat": undefined,
    "mainFile": ".netlify/internal-functions/function.js",
    "name": "function",
    "runtime": "js",
    "runtimeAPIVersion": undefined,
    "schedule": undefined,
    "srcFile": ".netlify/internal-functions/function.js",
  },
  {
    "displayName": undefined,
    "extension": ".js",
    "generator": undefined,
    "inputModuleFormat": undefined,
    "mainFile": ".netlify/internal-functions/function_internal.js",
    "name": "function_internal",
    "runtime": "js",
    "runtimeAPIVersion": undefined,
    "schedule": undefined,
    "srcFile": ".netlify/internal-functions/function_internal.js",
  },
  {
    "displayName": undefined,
    "extension": ".js",
    "generator": undefined,
    "inputModuleFormat": undefined,
    "mainFile": "netlify/functions/function.js",
    "name": "function",
    "runtime": "js",
    "runtimeAPIVersion": undefined,
    "schedule": undefined,
    "srcFile": "netlify/functions/function.js",
  },
  {
    "displayName": undefined,
    "extension": ".js",
    "generator": undefined,
    "inputModuleFormat": undefined,
    "mainFile": "netlify/functions/function_user.js",
    "name": "function_user",
    "runtime": "js",
    "runtimeAPIVersion": undefined,
    "schedule": undefined,
    "srcFile": "netlify/functions/function_user.js",
  },
]
`;

exports[`listFunctionsFiles > Can list all function files from multiple source directories with listFunctionsFiles() > bundler_nft 1`] = `
[
  {
    "displayName": undefined,
    "extension": ".js",
    "generator": undefined,
    "inputModuleFormat": undefined,
    "mainFile": ".netlify/internal-functions/function.js",
    "name": "function",
    "runtime": "js",
    "runtimeAPIVersion": undefined,
    "schedule": undefined,
    "srcFile": ".netlify/internal-functions/function.js",
  },
  {
    "displayName": undefined,
    "extension": ".js",
    "generator": undefined,
    "inputModuleFormat": undefined,
    "mainFile": ".netlify/internal-functions/function.js",
    "name": "function",
    "runtime": "js",
    "runtimeAPIVersion": undefined,
    "schedule": undefined,
    "srcFile": "node_modules/test/index.js",
  },
  {
    "displayName": undefined,
    "extension": ".json",
    "generator": undefined,
    "inputModuleFormat": undefined,
    "mainFile": ".netlify/internal-functions/function.js",
    "name": "function",
    "runtime": "js",
    "runtimeAPIVersion": undefined,
    "schedule": undefined,
    "srcFile": "node_modules/test/package.json",
  },
  {
    "displayName": undefined,
    "extension": ".js",
    "generator": undefined,
    "inputModuleFormat": undefined,
    "mainFile": ".netlify/internal-functions/function_internal.js",
    "name": "function_internal",
    "runtime": "js",
    "runtimeAPIVersion": undefined,
    "schedule": undefined,
    "srcFile": ".netlify/internal-functions/function_internal.js",
  },
  {
    "displayName": undefined,
    "extension": ".js",
    "generator": undefined,
    "inputModuleFormat": undefined,
    "mainFile": ".netlify/internal-functions/function_internal.js",
    "name": "function_internal",
    "runtime": "js",
    "runtimeAPIVersion": undefined,
    "schedule": undefined,
    "srcFile": "node_modules/test/index.js",
  },
  {
    "displayName": undefined,
    "extension": ".json",
    "generator": undefined,
    "inputModuleFormat": undefined,
    "mainFile": ".netlify/internal-functions/function_internal.js",
    "name": "function_internal",
    "runtime": "js",
    "runtimeAPIVersion": undefined,
    "schedule": undefined,
    "srcFile": "node_modules/test/package.json",
  },
  {
    "displayName": undefined,
    "extension": ".js",
    "generator": undefined,
    "inputModuleFormat": undefined,
    "mainFile": "netlify/functions/function.js",
    "name": "function",
    "runtime": "js",
    "runtimeAPIVersion": undefined,
    "schedule": undefined,
    "srcFile": "netlify/functions/function.js",
  },
  {
    "displayName": undefined,
    "extension": ".js",
    "generator": undefined,
    "inputModuleFormat": undefined,
    "mainFile": "netlify/functions/function.js",
    "name": "function",
    "runtime": "js",
    "runtimeAPIVersion": undefined,
    "schedule": undefined,
    "srcFile": "node_modules/test/index.js",
  },
  {
    "displayName": undefined,
    "extension": ".json",
    "generator": undefined,
    "inputModuleFormat": undefined,
    "mainFile": "netlify/functions/function.js",
    "name": "function",
    "runtime": "js",
    "runtimeAPIVersion": undefined,
    "schedule": undefined,
    "srcFile": "node_modules/test/package.json",
  },
  {
    "displayName": undefined,
    "extension": ".js",
    "generator": undefined,
    "inputModuleFormat": undefined,
    "mainFile": "netlify/functions/function_user.js",
    "name": "function_user",
    "runtime": "js",
    "runtimeAPIVersion": undefined,
    "schedule": undefined,
    "srcFile": "netlify/functions/function_user.js",
  },
  {
    "displayName": undefined,
    "extension": ".js",
    "generator": undefined,
    "inputModuleFormat": undefined,
    "mainFile": "netlify/functions/function_user.js",
    "name": "function_user",
    "runtime": "js",
    "runtimeAPIVersion": undefined,
    "schedule": undefined,
    "srcFile": "node_modules/test/index.js",
  },
  {
    "displayName": undefined,
    "extension": ".json",
    "generator": undefined,
    "inputModuleFormat": undefined,
    "mainFile": "netlify/functions/function_user.js",
    "name": "function_user",
    "runtime": "js",
    "runtimeAPIVersion": undefined,
    "schedule": undefined,
    "srcFile": "node_modules/test/package.json",
  },
]
`;

exports[`listFunctionsFiles > Can list all function files from multiple source directories with listFunctionsFiles() > bundler_none 1`] = `
[
  {
    "displayName": undefined,
    "extension": ".js",
    "generator": undefined,
    "inputModuleFormat": undefined,
    "mainFile": ".netlify/internal-functions/function.js",
    "name": "function",
    "runtime": "js",
    "runtimeAPIVersion": undefined,
    "schedule": undefined,
    "srcFile": ".netlify/internal-functions/function.js",
  },
  {
    "displayName": undefined,
    "extension": ".js",
    "generator": undefined,
    "inputModuleFormat": undefined,
    "mainFile": ".netlify/internal-functions/function_internal.js",
    "name": "function_internal",
    "runtime": "js",
    "runtimeAPIVersion": undefined,
    "schedule": undefined,
    "srcFile": ".netlify/internal-functions/function_internal.js",
  },
  {
    "displayName": undefined,
    "extension": ".js",
    "generator": undefined,
    "inputModuleFormat": undefined,
    "mainFile": "netlify/functions/function.js",
    "name": "function",
    "runtime": "js",
    "runtimeAPIVersion": undefined,
    "schedule": undefined,
    "srcFile": "netlify/functions/function.js",
  },
  {
    "displayName": undefined,
    "extension": ".js",
    "generator": undefined,
    "inputModuleFormat": undefined,
    "mainFile": "netlify/functions/function_user.js",
    "name": "function_user",
    "runtime": "js",
    "runtimeAPIVersion": undefined,
    "schedule": undefined,
    "srcFile": "netlify/functions/function_user.js",
  },
]
`;

exports[`listFunctionsFiles > Can list all function files with listFunctionsFiles() > bundler_default 1`] = `
[
  {
    "displayName": undefined,
    "extension": ".zip",
    "generator": undefined,
    "inputModuleFormat": undefined,
    "mainFile": "test.zip",
    "name": "test",
    "runtime": "js",
    "runtimeAPIVersion": undefined,
    "schedule": undefined,
    "srcFile": "test.zip",
  },
  {
    "displayName": undefined,
    "extension": ".js",
    "generator": undefined,
    "inputModuleFormat": undefined,
    "mainFile": "test.js",
    "name": "test",
    "runtime": "js",
    "runtimeAPIVersion": undefined,
    "schedule": undefined,
    "srcFile": "test.js",
  },
  {
    "displayName": undefined,
    "extension": ".ts",
    "generator": undefined,
    "inputModuleFormat": undefined,
    "mainFile": "five/index.ts",
    "name": "five",
    "runtime": "js",
    "runtimeAPIVersion": undefined,
    "schedule": undefined,
    "srcFile": "five/index.ts",
  },
  {
    "displayName": undefined,
    "extension": ".js",
    "generator": undefined,
    "inputModuleFormat": undefined,
    "mainFile": "four.js/four.js.js",
    "name": "four",
    "runtime": "js",
    "runtimeAPIVersion": undefined,
    "schedule": undefined,
    "srcFile": "four.js/four.js.js",
  },
  {
    "displayName": undefined,
    "extension": ".js",
    "generator": undefined,
    "inputModuleFormat": undefined,
    "mainFile": "one/index.js",
    "name": "one",
    "runtime": "js",
    "runtimeAPIVersion": undefined,
    "schedule": undefined,
    "srcFile": "one/index.js",
  },
  {
    "displayName": undefined,
    "extension": ".json",
    "generator": undefined,
    "inputModuleFormat": undefined,
    "mainFile": "two/two.js",
    "name": "two",
    "runtime": "js",
    "runtimeAPIVersion": undefined,
    "schedule": undefined,
    "srcFile": "two/three.json",
  },
  {
    "displayName": undefined,
    "extension": ".js",
    "generator": undefined,
    "inputModuleFormat": undefined,
    "mainFile": "two/two.js",
    "name": "two",
    "runtime": "js",
    "runtimeAPIVersion": undefined,
    "schedule": undefined,
    "srcFile": "two/two.js",
  },
  {
    "displayName": undefined,
    "extension": "",
    "generator": undefined,
    "inputModuleFormat": undefined,
    "mainFile": "test",
    "name": "test",
    "runtime": "go",
    "runtimeAPIVersion": undefined,
    "schedule": undefined,
    "srcFile": "test",
  },
]
`;

exports[`listFunctionsFiles > Can list all function files with listFunctionsFiles() > bundler_default_nft 1`] = `
[
  {
    "displayName": undefined,
    "extension": ".zip",
    "generator": undefined,
    "inputModuleFormat": undefined,
    "mainFile": "test.zip",
    "name": "test",
    "runtime": "js",
    "runtimeAPIVersion": undefined,
    "schedule": undefined,
    "srcFile": "test.zip",
  },
  {
    "displayName": undefined,
    "extension": ".js",
    "generator": undefined,
    "inputModuleFormat": undefined,
    "mainFile": "test.js",
    "name": "test",
    "runtime": "js",
    "runtimeAPIVersion": undefined,
    "schedule": undefined,
    "srcFile": "test.js",
  },
  {
    "displayName": undefined,
    "extension": ".ts",
    "generator": undefined,
    "inputModuleFormat": undefined,
    "mainFile": "five/index.ts",
    "name": "five",
    "runtime": "js",
    "runtimeAPIVersion": undefined,
    "schedule": undefined,
    "srcFile": "five/index.ts",
  },
  {
    "displayName": undefined,
    "extension": ".js",
    "generator": undefined,
    "inputModuleFormat": undefined,
    "mainFile": "four.js/four.js.js",
    "name": "four",
    "runtime": "js",
    "runtimeAPIVersion": undefined,
    "schedule": undefined,
    "srcFile": "four.js/four.js.js",
  },
  {
    "displayName": undefined,
    "extension": ".js",
    "generator": undefined,
    "inputModuleFormat": undefined,
    "mainFile": "one/index.js",
    "name": "one",
    "runtime": "js",
    "runtimeAPIVersion": undefined,
    "schedule": undefined,
    "srcFile": "one/index.js",
  },
  {
    "displayName": undefined,
    "extension": ".js",
    "generator": undefined,
    "inputModuleFormat": undefined,
    "mainFile": "two/two.js",
    "name": "two",
    "runtime": "js",
    "runtimeAPIVersion": undefined,
    "schedule": undefined,
    "srcFile": "two/two.js",
  },
  {
    "displayName": undefined,
    "extension": ".json",
    "generator": undefined,
    "inputModuleFormat": undefined,
    "mainFile": "two/two.js",
    "name": "two",
    "runtime": "js",
    "runtimeAPIVersion": undefined,
    "schedule": undefined,
    "srcFile": "two/three.json",
  },
  {
    "displayName": undefined,
    "extension": "",
    "generator": undefined,
    "inputModuleFormat": undefined,
    "mainFile": "test",
    "name": "test",
    "runtime": "go",
    "runtimeAPIVersion": undefined,
    "schedule": undefined,
    "srcFile": "test",
  },
]
`;

exports[`listFunctionsFiles > Can list all function files with listFunctionsFiles() > bundler_esbuild 1`] = `
[
  {
    "displayName": undefined,
    "extension": ".zip",
    "generator": undefined,
    "inputModuleFormat": undefined,
    "mainFile": "test.zip",
    "name": "test",
    "runtime": "js",
    "runtimeAPIVersion": undefined,
    "schedule": undefined,
    "srcFile": "test.zip",
  },
  {
    "displayName": undefined,
    "extension": ".js",
    "generator": undefined,
    "inputModuleFormat": undefined,
    "mainFile": "test.js",
    "name": "test",
    "runtime": "js",
    "runtimeAPIVersion": undefined,
    "schedule": undefined,
    "srcFile": "test.js",
  },
  {
    "displayName": undefined,
    "extension": ".ts",
    "generator": undefined,
    "inputModuleFormat": undefined,
    "mainFile": "five/index.ts",
    "name": "five",
    "runtime": "js",
    "runtimeAPIVersion": undefined,
    "schedule": undefined,
    "srcFile": "five/index.ts",
  },
  {
    "displayName": undefined,
    "extension": ".js",
    "generator": undefined,
    "inputModuleFormat": undefined,
    "mainFile": "four.js/four.js.js",
    "name": "four",
    "runtime": "js",
    "runtimeAPIVersion": undefined,
    "schedule": undefined,
    "srcFile": "four.js/four.js.js",
  },
  {
    "displayName": undefined,
    "extension": ".js",
    "generator": undefined,
    "inputModuleFormat": undefined,
    "mainFile": "one/index.js",
    "name": "one",
    "runtime": "js",
    "runtimeAPIVersion": undefined,
    "schedule": undefined,
    "srcFile": "one/index.js",
  },
  {
    "displayName": undefined,
    "extension": ".js",
    "generator": undefined,
    "inputModuleFormat": undefined,
    "mainFile": "two/two.js",
    "name": "two",
    "runtime": "js",
    "runtimeAPIVersion": undefined,
    "schedule": undefined,
    "srcFile": "two/two.js",
  },
  {
    "displayName": undefined,
    "extension": "",
    "generator": undefined,
    "inputModuleFormat": undefined,
    "mainFile": "test",
    "name": "test",
    "runtime": "go",
    "runtimeAPIVersion": undefined,
    "schedule": undefined,
    "srcFile": "test",
  },
]
`;

exports[`listFunctionsFiles > Can list all function files with listFunctionsFiles() > bundler_esbuild_zisi 1`] = `
[
  {
    "displayName": undefined,
    "extension": ".zip",
    "generator": undefined,
    "inputModuleFormat": undefined,
    "mainFile": "test.zip",
    "name": "test",
    "runtime": "js",
    "runtimeAPIVersion": undefined,
    "schedule": undefined,
    "srcFile": "test.zip",
  },
  {
    "displayName": undefined,
    "extension": ".js",
    "generator": undefined,
    "inputModuleFormat": undefined,
    "mainFile": "test.js",
    "name": "test",
    "runtime": "js",
    "runtimeAPIVersion": undefined,
    "schedule": undefined,
    "srcFile": "test.js",
  },
  {
    "displayName": undefined,
    "extension": ".ts",
    "generator": undefined,
    "inputModuleFormat": undefined,
    "mainFile": "five/index.ts",
    "name": "five",
    "runtime": "js",
    "runtimeAPIVersion": undefined,
    "schedule": undefined,
    "srcFile": "five/index.ts",
  },
  {
    "displayName": undefined,
    "extension": ".js",
    "generator": undefined,
    "inputModuleFormat": undefined,
    "mainFile": "four.js/four.js.js",
    "name": "four",
    "runtime": "js",
    "runtimeAPIVersion": undefined,
    "schedule": undefined,
    "srcFile": "four.js/four.js.js",
  },
  {
    "displayName": undefined,
    "extension": ".js",
    "generator": undefined,
    "inputModuleFormat": undefined,
    "mainFile": "one/index.js",
    "name": "one",
    "runtime": "js",
    "runtimeAPIVersion": undefined,
    "schedule": undefined,
    "srcFile": "one/index.js",
  },
  {
    "displayName": undefined,
    "extension": ".js",
    "generator": undefined,
    "inputModuleFormat": undefined,
    "mainFile": "two/two.js",
    "name": "two",
    "runtime": "js",
    "runtimeAPIVersion": undefined,
    "schedule": undefined,
    "srcFile": "two/two.js",
  },
  {
    "displayName": undefined,
    "extension": "",
    "generator": undefined,
    "inputModuleFormat": undefined,
    "mainFile": "test",
    "name": "test",
    "runtime": "go",
    "runtimeAPIVersion": undefined,
    "schedule": undefined,
    "srcFile": "test",
  },
]
`;

exports[`listFunctionsFiles > Can list all function files with listFunctionsFiles() > bundler_nft 1`] = `
[
  {
    "displayName": undefined,
    "extension": ".zip",
    "generator": undefined,
    "inputModuleFormat": undefined,
    "mainFile": "test.zip",
    "name": "test",
    "runtime": "js",
    "runtimeAPIVersion": undefined,
    "schedule": undefined,
    "srcFile": "test.zip",
  },
  {
    "displayName": undefined,
    "extension": ".js",
    "generator": undefined,
    "inputModuleFormat": undefined,
    "mainFile": "test.js",
    "name": "test",
    "runtime": "js",
    "runtimeAPIVersion": undefined,
    "schedule": undefined,
    "srcFile": "test.js",
  },
  {
    "displayName": undefined,
    "extension": ".ts",
    "generator": undefined,
    "inputModuleFormat": undefined,
    "mainFile": "five/index.ts",
    "name": "five",
    "runtime": "js",
    "runtimeAPIVersion": undefined,
    "schedule": undefined,
    "srcFile": "five/index.ts",
  },
  {
    "displayName": undefined,
    "extension": ".ts",
    "generator": undefined,
    "inputModuleFormat": undefined,
    "mainFile": "five/index.ts",
    "name": "five",
    "runtime": "js",
    "runtimeAPIVersion": undefined,
    "schedule": undefined,
    "srcFile": "five/util.ts",
  },
  {
    "displayName": undefined,
    "extension": ".js",
    "generator": undefined,
    "inputModuleFormat": undefined,
    "mainFile": "four.js/four.js.js",
    "name": "four",
    "runtime": "js",
    "runtimeAPIVersion": undefined,
    "schedule": undefined,
    "srcFile": "four.js/four.js.js",
  },
  {
    "displayName": undefined,
    "extension": ".js",
    "generator": undefined,
    "inputModuleFormat": undefined,
    "mainFile": "one/index.js",
    "name": "one",
    "runtime": "js",
    "runtimeAPIVersion": undefined,
    "schedule": undefined,
    "srcFile": "one/index.js",
  },
  {
    "displayName": undefined,
    "extension": ".js",
    "generator": undefined,
    "inputModuleFormat": undefined,
    "mainFile": "two/two.js",
    "name": "two",
    "runtime": "js",
    "runtimeAPIVersion": undefined,
    "schedule": undefined,
    "srcFile": "two/two.js",
  },
  {
    "displayName": undefined,
    "extension": ".json",
    "generator": undefined,
    "inputModuleFormat": undefined,
    "mainFile": "two/two.js",
    "name": "two",
    "runtime": "js",
    "runtimeAPIVersion": undefined,
    "schedule": undefined,
    "srcFile": "two/three.json",
  },
  {
    "displayName": undefined,
    "extension": "",
    "generator": undefined,
    "inputModuleFormat": undefined,
    "mainFile": "test",
    "name": "test",
    "runtime": "go",
    "runtimeAPIVersion": undefined,
    "schedule": undefined,
    "srcFile": "test",
  },
]
`;

exports[`listFunctionsFiles > Can list all function files with listFunctionsFiles() > bundler_none 1`] = `
[
  {
    "displayName": undefined,
    "extension": ".zip",
    "generator": undefined,
    "inputModuleFormat": undefined,
    "mainFile": "test.zip",
    "name": "test",
    "runtime": "js",
    "runtimeAPIVersion": undefined,
    "schedule": undefined,
    "srcFile": "test.zip",
  },
  {
    "displayName": undefined,
    "extension": ".js",
    "generator": undefined,
    "inputModuleFormat": undefined,
    "mainFile": "test.js",
    "name": "test",
    "runtime": "js",
    "runtimeAPIVersion": undefined,
    "schedule": undefined,
    "srcFile": "test.js",
  },
  {
    "displayName": undefined,
    "extension": ".ts",
    "generator": undefined,
    "inputModuleFormat": undefined,
    "mainFile": "five/index.ts",
    "name": "five",
    "runtime": "js",
    "runtimeAPIVersion": undefined,
    "schedule": undefined,
    "srcFile": "five/index.ts",
  },
  {
    "displayName": undefined,
    "extension": ".js",
    "generator": undefined,
    "inputModuleFormat": undefined,
    "mainFile": "four.js/four.js.js",
    "name": "four",
    "runtime": "js",
    "runtimeAPIVersion": undefined,
    "schedule": undefined,
    "srcFile": "four.js/four.js.js",
  },
  {
    "displayName": undefined,
    "extension": ".js",
    "generator": undefined,
    "inputModuleFormat": undefined,
    "mainFile": "one/index.js",
    "name": "one",
    "runtime": "js",
    "runtimeAPIVersion": undefined,
    "schedule": undefined,
    "srcFile": "one/index.js",
  },
  {
    "displayName": undefined,
    "extension": ".js",
    "generator": undefined,
    "inputModuleFormat": undefined,
    "mainFile": "two/two.js",
    "name": "two",
    "runtime": "js",
    "runtimeAPIVersion": undefined,
    "schedule": undefined,
    "srcFile": "two/two.js",
  },
  {
    "displayName": undefined,
    "extension": "",
    "generator": undefined,
    "inputModuleFormat": undefined,
    "mainFile": "test",
    "name": "test",
    "runtime": "go",
    "runtimeAPIVersion": undefined,
    "schedule": undefined,
    "srcFile": "test",
  },
]
`;
